# serializer version: 1
# name: test_document_processor_database_state
  list([
    SQLInsuranceRecord(id=1, year=2012, average_expenditure=812.40, percent_change=2.2),
    SQLInsuranceRecord(id=2, year=2013, average_expenditure=841.06, percent_change=3.5),
    SQLInsuranceRecord(id=3, year=2014, average_expenditure=869.47, percent_change=3.4),
    SQLInsuranceRecord(id=4, year=2015, average_expenditure=896.66, percent_change=3.1),
    SQLInsuranceRecord(id=5, year=2016, average_expenditure=945.22, percent_change=5.4),
    SQLInsuranceRecord(id=6, year=2017, average_expenditure=1008.35, percent_change=6.7),
    SQLInsuranceRecord(id=7, year=2018, average_expenditure=1058.10, percent_change=4.9),
    SQLInsuranceRecord(id=8, year=2019, average_expenditure=1071.74, percent_change=1.3),
    SQLInsuranceRecord(id=9, year=2020, average_expenditure=1046.37, percent_change=-2.4),
    SQLInsuranceRecord(id=10, year=2021, average_expenditure=1061.54, percent_change=1.4),
  ])
# ---
